// Jest Snapshot v1, https://goo.gl/fbAQLP

exports[`App Component Tests App renders properly 1`] = `
<nav class="v-navigation-drawer v-navigation-drawer--fixed v-navigation-drawer--is-mobile v-navigation-drawer--open v-navigation-drawer--temporary theme--light" style="height: 100vh; top: 0px; transform: translateX(0%); width: 256px;">
  <div class="v-navigation-drawer__content">
    <div class="d-flex justify-center align-center" style="height: 60px;"><img src="/images/logo/ikeda.svg"></div>
    <hr role="separator" aria-orientation="horizontal" class="v-divider theme--light" style="border: 2px solid #1976d2;">
    <div class="v-list pa-0 v-sheet theme--light">
      <div class="v-list-group">
        <div tabindex="0" aria-expanded="false" role="button" class="v-list-group__header v-list-item v-list-item--link theme--light">
          <div class="v-list-item__title">顧客管理</div>
          <div class="v-list-item__icon v-list-group__header__append-icon"><i aria-hidden="true" class="v-icon notranslate mdi mdi-chevron-down theme--light"></i></div>
        </div>
        <transition-stub name="expand-transition">
          <!---->
        </transition-stub>
      </div>
      <div class="v-list-group">
        <div tabindex="0" aria-expanded="false" role="button" class="v-list-group__header v-list-item v-list-item--link theme--light">
          <div class="v-list-item__title">集計管理</div>
          <div class="v-list-item__icon v-list-group__header__append-icon"><i aria-hidden="true" class="v-icon notranslate mdi mdi-chevron-down theme--light"></i></div>
        </div>
        <transition-stub name="expand-transition">
          <!---->
        </transition-stub>
      </div>
      <div class="v-list-group">
        <div tabindex="0" aria-expanded="false" role="button" class="v-list-group__header v-list-item v-list-item--link theme--light">
          <div class="v-list-item__title">イベント管理</div>
          <div class="v-list-item__icon v-list-group__header__append-icon"><i aria-hidden="true" class="v-icon notranslate mdi mdi-chevron-down theme--light"></i></div>
        </div>
        <transition-stub name="expand-transition">
          <!---->
        </transition-stub>
      </div>
      <div class="v-list-group">
        <div tabindex="0" aria-expanded="false" role="button" class="v-list-group__header v-list-item v-list-item--link theme--light">
          <div class="v-list-item__title">暫定的（削除予定）</div>
          <div class="v-list-item__icon v-list-group__header__append-icon"><i aria-hidden="true" class="v-icon notranslate mdi mdi-chevron-down theme--light"></i></div>
        </div>
        <transition-stub name="expand-transition">
          <!---->
        </transition-stub>
      </div>
    </div>
  </div>
  <div class="v-navigation-drawer__border"></div>
</nav>
`;
