// Jest Snapshot v1, https://goo.gl/fbAQLP

exports[`App Component Tests App renders properly 1`] = `
<v-app-stub id="app">
  <appbar-stub toggle="[Function]" toggleside="[Function]"></appbar-stub>
  <navigationdrawer-stub drawer="[object Object]"></navigationdrawer-stub>
  <settingdrawer-stub sidedrawer="[object Object]"></settingdrawer-stub>
  <v-main-stub tag="main">
    <div class="pa-4 mx-auto" style="max-width: 1280px; height: 100%;"></div>
  </v-main-stub>
  <snackbar-stub></snackbar-stub>
  <footer-stub></footer-stub>
</v-app-stub>
`;
